2026-03-10 04:15:17+1100: Running with following config:
logDir = analysis_logs
maxVisits = 500
nnCacheSizePowerOfTwo = 23
nnMaxBatchSize = 64
nnMutexPoolSizePowerOfTwo = 17
nnRandomize = true
numAnalysisThreads = 2
numSearchThreads = 16
reportAnalysisWinratesAs = BLACK

2026-03-10 04:15:17+1100: Analysis Engine starting...
2026-03-10 04:15:17+1100: KataGo v1.16.4
2026-03-10 04:15:18+1100: nnRandSeed0 = 7439371107254856080
2026-03-10 04:15:18+1100: After dedups: nnModelFile0 = /opt/homebrew/Cellar/katago/1.16.4/share/katago/kata1-b18c384nbt-s9996604416-d4316597426.bin.gz useFP16 auto useNHWC auto
2026-03-10 04:15:18+1100: Initializing neural net buffer to be size 19 * 19 allowing smaller boards
2026-03-10 04:15:18+1100: Loaded config /opt/homebrew/Cellar/katago/1.16.4/share/katago/configs/analysis_example.cfg
2026-03-10 04:15:18+1100: Loaded model /opt/homebrew/Cellar/katago/1.16.4/share/katago/kata1-b18c384nbt-s9996604416-d4316597426.bin.gz
2026-03-10 04:15:18+1100: Analyzing up to 2 positions at a time in parallel
2026-03-10 04:15:18+1100: Started, ready to begin handling requests
2026-03-10 04:15:20+1100: /opt/homebrew/Cellar/katago/1.16.4/share/katago/kata1-b18c384nbt-s9996604416-d4316597426.bin.gz
2026-03-10 04:15:20+1100: NN rows: 210
2026-03-10 04:15:20+1100: NN batches: 28
2026-03-10 04:15:20+1100: NN avg batch size: 7.5
2026-03-10 04:15:20+1100: GPU -1 finishing, processed 210 rows 28 batches
2026-03-10 04:15:20+1100: All cleaned up, quitting
